// Jest Snapshot v1, https://goo.gl/fbAQLP

exports[`<Calendar /> should match the snapshot 1`] = `
<div
  className="css-ixhfdv"
>
  <div
    className="css-wzcygq"
  >
    <div
      className="currentMonth css-10hvtwb"
    >
      February
    </div>
    <div
      className="css-1kopen8"
    >
      <div
        className="css-1vz21y"
      >
        Sunday
      </div>
      <div
        className="css-1vz21y"
      >
        Monday
      </div>
      <div
        className="css-1vz21y"
      >
        Tuesday
      </div>
      <div
        className="css-1vz21y"
      >
        Wednesday
      </div>
      <div
        className="css-1vz21y"
      >
        Thursday
      </div>
      <div
        className="css-1vz21y"
      >
        Friday
      </div>
      <div
        className="css-1vz21y"
      >
        Saturday
      </div>
    </div>
  </div>
  <div
    className="css-vurnku"
  >
    <div
      className="css-x8mosh"
    >
      <div
        className="calendar-cell emtpy-cell css-uwdze5"
        data-testid="calendar-cell-day-0"
        onClick={[Function]}
      />
      <div
        className="calendar-cell  css-uwdze5"
        data-testid="calendar-cell-day-1"
        onClick={[Function]}
      >
        <div
          className="css-1sy89y0"
          data-testid="calendar-day-1"
          id="calendar-day-1"
        >
          1
        </div>
        <div
          className="css-anjba9"
        />
      </div>
      <div
        className="calendar-cell  css-uwdze5"
        data-testid="calendar-cell-day-2"
        onClick={[Function]}
      >
        <div
          className="css-1sy89y0"
          data-testid="calendar-day-2"
          id="calendar-day-2"
        >
          2
        </div>
        <div
          className="css-anjba9"
        />
      </div>
      <div
        className="calendar-cell  css-uwdze5"
        data-testid="calendar-cell-day-3"
        onClick={[Function]}
      >
        <div
          className="css-1sy89y0"
          data-testid="calendar-day-3"
          id="calendar-day-3"
        >
          3
        </div>
        <div
          className="css-anjba9"
        />
      </div>
      <div
        className="calendar-cell  css-uwdze5"
        data-testid="calendar-cell-day-4"
        onClick={[Function]}
      >
        <div
          className="css-1sy89y0"
          data-testid="calendar-day-4"
          id="calendar-day-4"
        >
          4
        </div>
        <div
          className="css-anjba9"
        />
      </div>
      <div
        className="calendar-cell  css-uwdze5"
        data-testid="calendar-cell-day-5"
        onClick={[Function]}
      >
        <div
          className="css-1sy89y0"
          data-testid="calendar-day-5"
          id="calendar-day-5"
        >
          5
        </div>
        <div
          className="css-anjba9"
        />
      </div>
      <div
        className="calendar-cell  css-uwdze5"
        data-testid="calendar-cell-day-6"
        onClick={[Function]}
      >
        <div
          className="css-17sdwej"
          data-testid="calendar-day-6"
          id="calendar-day-6"
        >
          6
        </div>
        <div
          className="css-anjba9"
        />
      </div>
      <div
        className="calendar-cell  css-uwdze5"
        data-testid="calendar-cell-day-7"
        onClick={[Function]}
      >
        <div
          className="css-17sdwej"
          data-testid="calendar-day-7"
          id="calendar-day-7"
        >
          7
        </div>
        <div
          className="css-anjba9"
        />
      </div>
      <div
        className="calendar-cell  css-uwdze5"
        data-testid="calendar-cell-day-8"
        onClick={[Function]}
      >
        <div
          className="css-1sy89y0"
          data-testid="calendar-day-8"
          id="calendar-day-8"
        >
          8
        </div>
        <div
          className="css-anjba9"
        />
      </div>
      <div
        className="calendar-cell  css-uwdze5"
        data-testid="calendar-cell-day-9"
        onClick={[Function]}
      >
        <div
          className="css-1sy89y0"
          data-testid="calendar-day-9"
          id="calendar-day-9"
        >
          9
        </div>
        <div
          className="css-anjba9"
        />
      </div>
      <div
        className="calendar-cell  css-uwdze5"
        data-testid="calendar-cell-day-10"
        onClick={[Function]}
      >
        <div
          className="css-1sy89y0"
          data-testid="calendar-day-10"
          id="calendar-day-10"
        >
          10
        </div>
        <div
          className="css-anjba9"
        />
      </div>
      <div
        className="calendar-cell  css-uwdze5"
        data-testid="calendar-cell-day-11"
        onClick={[Function]}
      >
        <div
          className="css-1sy89y0"
          data-testid="calendar-day-11"
          id="calendar-day-11"
        >
          11
        </div>
        <div
          className="css-anjba9"
        />
      </div>
      <div
        className="calendar-cell  css-uwdze5"
        data-testid="calendar-cell-day-12"
        onClick={[Function]}
      >
        <div
          className="css-1sy89y0"
          data-testid="calendar-day-12"
          id="calendar-day-12"
        >
          12
        </div>
        <div
          className="css-anjba9"
        />
      </div>
      <div
        className="calendar-cell  css-uwdze5"
        data-testid="calendar-cell-day-13"
        onClick={[Function]}
      >
        <div
          className="css-17sdwej"
          data-testid="calendar-day-13"
          id="calendar-day-13"
        >
          13
        </div>
        <div
          className="css-anjba9"
        />
      </div>
      <div
        className="calendar-cell  css-uwdze5"
        data-testid="calendar-cell-day-14"
        onClick={[Function]}
      >
        <div
          className="css-17sdwej"
          data-testid="calendar-day-14"
          id="calendar-day-14"
        >
          14
        </div>
        <div
          className="css-anjba9"
        />
      </div>
      <div
        className="calendar-cell  css-uwdze5"
        data-testid="calendar-cell-day-15"
        onClick={[Function]}
      >
        <div
          className="css-1sy89y0"
          data-testid="calendar-day-15"
          id="calendar-day-15"
        >
          15
        </div>
        <div
          className="css-anjba9"
        />
      </div>
      <div
        className="calendar-cell  css-uwdze5"
        data-testid="calendar-cell-day-16"
        onClick={[Function]}
      >
        <div
          className="css-1sy89y0"
          data-testid="calendar-day-16"
          id="calendar-day-16"
        >
          16
        </div>
        <div
          className="css-anjba9"
        />
      </div>
      <div
        className="calendar-cell  css-uwdze5"
        data-testid="calendar-cell-day-17"
        onClick={[Function]}
      >
        <div
          className="css-1sy89y0"
          data-testid="calendar-day-17"
          id="calendar-day-17"
        >
          17
        </div>
        <div
          className="css-anjba9"
        />
      </div>
      <div
        className="calendar-cell  css-uwdze5"
        data-testid="calendar-cell-day-18"
        onClick={[Function]}
      >
        <div
          className="css-1sy89y0"
          data-testid="calendar-day-18"
          id="calendar-day-18"
        >
          18
        </div>
        <div
          className="css-anjba9"
        />
      </div>
      <div
        className="calendar-cell  css-uwdze5"
        data-testid="calendar-cell-day-19"
        onClick={[Function]}
      >
        <div
          className="css-1sy89y0"
          data-testid="calendar-day-19"
          id="calendar-day-19"
        >
          19
        </div>
        <div
          className="css-anjba9"
        />
      </div>
      <div
        className="calendar-cell  css-uwdze5"
        data-testid="calendar-cell-day-20"
        onClick={[Function]}
      >
        <div
          className="css-17sdwej"
          data-testid="calendar-day-20"
          id="calendar-day-20"
        >
          20
        </div>
        <div
          className="css-anjba9"
        />
      </div>
      <div
        className="calendar-cell  css-uwdze5"
        data-testid="calendar-cell-day-21"
        onClick={[Function]}
      >
        <div
          className="css-17sdwej"
          data-testid="calendar-day-21"
          id="calendar-day-21"
        >
          21
        </div>
        <div
          className="css-anjba9"
        />
      </div>
      <div
        className="calendar-cell  css-uwdze5"
        data-testid="calendar-cell-day-22"
        onClick={[Function]}
      >
        <div
          className="css-1sy89y0"
          data-testid="calendar-day-22"
          id="calendar-day-22"
        >
          22
        </div>
        <div
          className="css-anjba9"
        />
      </div>
      <div
        className="calendar-cell  css-uwdze5"
        data-testid="calendar-cell-day-23"
        onClick={[Function]}
      >
        <div
          className="css-1sy89y0"
          data-testid="calendar-day-23"
          id="calendar-day-23"
        >
          23
        </div>
        <div
          className="css-anjba9"
        />
      </div>
      <div
        className="calendar-cell  css-uwdze5"
        data-testid="calendar-cell-day-24"
        onClick={[Function]}
      >
        <div
          className="css-1sy89y0"
          data-testid="calendar-day-24"
          id="calendar-day-24"
        >
          24
        </div>
        <div
          className="css-anjba9"
        />
      </div>
      <div
        className="calendar-cell  css-uwdze5"
        data-testid="calendar-cell-day-25"
        onClick={[Function]}
      >
        <div
          className="css-1sy89y0"
          data-testid="calendar-day-25"
          id="calendar-day-25"
        >
          25
        </div>
        <div
          className="css-anjba9"
        />
      </div>
      <div
        className="calendar-cell  css-uwdze5"
        data-testid="calendar-cell-day-26"
        onClick={[Function]}
      >
        <div
          className="css-1sy89y0"
          data-testid="calendar-day-26"
          id="calendar-day-26"
        >
          26
        </div>
        <div
          className="css-anjba9"
        />
      </div>
      <div
        className="calendar-cell  css-uwdze5"
        data-testid="calendar-cell-day-27"
        onClick={[Function]}
      >
        <div
          className="css-17sdwej"
          data-testid="calendar-day-27"
          id="calendar-day-27"
        >
          27
        </div>
        <div
          className="css-anjba9"
        />
      </div>
      <div
        className="calendar-cell  css-uwdze5"
        data-testid="calendar-cell-day-28"
        onClick={[Function]}
      >
        <div
          className="css-17sdwej"
          data-testid="calendar-day-28"
          id="calendar-day-28"
        >
          28
        </div>
        <div
          className="css-anjba9"
        />
      </div>
      <div
        className="calendar-cell emtpy-cell css-uwdze5"
        data-testid="calendar-cell-day-0"
        onClick={[Function]}
      />
      <div
        className="calendar-cell emtpy-cell css-uwdze5"
        data-testid="calendar-cell-day-0"
        onClick={[Function]}
      />
      <div
        className="calendar-cell emtpy-cell css-uwdze5"
        data-testid="calendar-cell-day-0"
        onClick={[Function]}
      />
      <div
        className="calendar-cell emtpy-cell css-uwdze5"
        data-testid="calendar-cell-day-0"
        onClick={[Function]}
      />
      <div
        className="calendar-cell emtpy-cell css-uwdze5"
        data-testid="calendar-cell-day-0"
        onClick={[Function]}
      />
      <div
        className="calendar-cell emtpy-cell css-uwdze5"
        data-testid="calendar-cell-day-0"
        onClick={[Function]}
      />
    </div>
  </div>
</div>
`;
